error: invalid SQL query
  --> $DIR/invalid_query.rs:14:24
   |
LL |     elephantry.execute("selec 1").map(convert::unit)
   |                        ^^^^^^^^^
   |
   = help: ERROR:  syntax error at or near "selec" at character 24
           
   = note: `#[deny(invalid_query)]` on by default

error: invalid SQL query
  --> $DIR/invalid_query.rs:22:34
   |
LL |     elephantry.find_all::<Model>(Some("order y 1")).map(convert::unit)
   |                                  ^^^^^^^^^^^^^^^^^
   |
   = help: ERROR:  syntax error at or near "y" at character 39
           

error: invalid SQL query
  --> $DIR/invalid_query.rs:26:36
   |
LL |     elephantry.find_where::<Model>("$* =", &[], None).map(convert::unit)
   |                                    ^^^^^^
   |
   = help: ERROR:  syntax error at end of input at character 43
           

error: aborting due to 3 previous errors

